V3 3
FL /home/cadu/Documentos/LabSD/Exp02/Visto_2/Visto_2.vhdl 2019/08/28.15:24:57 P.20131013
EN work/Visto_2 1567017054 \
      FL /home/cadu/Documentos/LabSD/Exp02/Visto_2/Visto_2.vhdl \
      PB ieee/std_logic_1164 1381692176
AR work/Visto_2/Visto_2_op 1567017055 \
      FL /home/cadu/Documentos/LabSD/Exp02/Visto_2/Visto_2.vhdl EN work/Visto_2 1567017054
