V3 3
FL /home/cadu/Documentos/LabSD/Exp03/Vistos/Visto_2/Visto_2.vhdl 2019/09/04.15:17:28 P.20131013
EN work/Visto_2 1567621059 \
      FL /home/cadu/Documentos/LabSD/Exp03/Vistos/Visto_2/Visto_2.vhdl \
      PB ieee/std_logic_1164 1381692176
AR work/Visto_2/Visto_2_op 1567621060 \
      FL /home/cadu/Documentos/LabSD/Exp03/Vistos/Visto_2/Visto_2.vhdl \
      EN work/Visto_2 1567621059
