V3 3
FL /home/cadu/Documentos/LabSD/Exp03/Vistos/Visto_1/Visto_1.vhdl 2019/09/04.14:39:27 P.20131013
EN work/Visto_1 1567619186 \
      FL /home/cadu/Documentos/LabSD/Exp03/Vistos/Visto_1/Visto_1.vhdl \
      PB ieee/std_logic_1164 1381692176
AR work/Visto_1/Visto_1_op 1567619187 \
      FL /home/cadu/Documentos/LabSD/Exp03/Vistos/Visto_1/Visto_1.vhdl \
      EN work/Visto_1 1567619186
