V3 3
FL /home/cadu/Documentos/LabSD/Exp02/Visto_1/Visto_1.vhdl 2019/08/28.15:33:38 P.20131013
EN work/Visto_1 1567017343 \
      FL /home/cadu/Documentos/LabSD/Exp02/Visto_1/Visto_1.vhdl \
      PB ieee/std_logic_1164 1381692176
AR work/Visto_1/Visto_1_op 1567017344 \
      FL /home/cadu/Documentos/LabSD/Exp02/Visto_1/Visto_1.vhdl EN work/Visto_1 1567017343
