AR visto_1 visto_1_op /home/cadu/Documentos/LabSD/Exp04/Vistos/Visto_1/Visto_1.vhdl sub00/vhpl03 1568250644
AR mux mux_op /home/cadu/Documentos/LabSD/Exp04/Vistos/Visto_1/MUX.vhdl sub00/vhpl01 1568250642
EN mux NULL /home/cadu/Documentos/LabSD/Exp04/Vistos/Visto_1/MUX.vhdl sub00/vhpl00 1568250641
EN visto_1 NULL /home/cadu/Documentos/LabSD/Exp04/Vistos/Visto_1/Visto_1.vhdl sub00/vhpl02 1568250643
