V3 7
FL /home/cadu/Documentos/LabSD/Exp04/Vistos/Visto_1/MUX.vhdl 2019/09/11.21:40:08 P.20131013
EN work/MUX 1568250641 \
      FL /home/cadu/Documentos/LabSD/Exp04/Vistos/Visto_1/MUX.vhdl \
      PB ieee/std_logic_1164 1381692176
AR work/MUX/MUX_op 1568250642 \
      FL /home/cadu/Documentos/LabSD/Exp04/Vistos/Visto_1/MUX.vhdl EN work/MUX 1568250641
FL /home/cadu/Documentos/LabSD/Exp04/Vistos/Visto_1/Visto_1.vhdl 2019/09/11.22:05:42 P.20131013
EN work/Visto_1 1568250643 \
      FL /home/cadu/Documentos/LabSD/Exp04/Vistos/Visto_1/Visto_1.vhdl \
      PB ieee/std_logic_1164 1381692176
AR work/Visto_1/Visto_1_op 1568250644 \
      FL /home/cadu/Documentos/LabSD/Exp04/Vistos/Visto_1/Visto_1.vhdl \
      EN work/Visto_1 1568250643 CP MUX
