AR decoder decoder_op /home/cadu/Documentos/LabSD/Exp04/Vistos/Visto_2/Decoder.vhdl sub00/vhpl03 1569184247
EN mux_8 NULL /home/cadu/Documentos/LabSD/Exp04/Vistos/Visto_2/Mux_8.vhdl sub00/vhpl04 1569184248
AR visto_2 visto_2_op /home/cadu/Documentos/LabSD/Exp04/Vistos/Visto_2/Visto_2.vhdl sub00/vhpl01 1569184251
AR mux_8 mux_8_op /home/cadu/Documentos/LabSD/Exp04/Vistos/Visto_2/Mux_8.vhdl sub00/vhpl05 1569184249
EN decoder NULL /home/cadu/Documentos/LabSD/Exp04/Vistos/Visto_2/Decoder.vhdl sub00/vhpl02 1569184246
EN visto_2 NULL /home/cadu/Documentos/LabSD/Exp04/Vistos/Visto_2/Visto_2.vhdl sub00/vhpl00 1569184250
