V3 11
FL /home/cadu/Documentos/LabSD/Exp04/Vistos/Visto_2/Decoder.vhdl 2019/09/11.22:30:19 P.20131013
EN work/Decoder 1568252571 \
      FL /home/cadu/Documentos/LabSD/Exp04/Vistos/Visto_2/Decoder.vhdl \
      PB ieee/std_logic_1164 1381692176
AR work/Decoder/Decoder_op 1568252572 \
      FL /home/cadu/Documentos/LabSD/Exp04/Vistos/Visto_2/Decoder.vhdl \
      EN work/Decoder 1568252571
FL /home/cadu/Documentos/LabSD/Exp04/Vistos/Visto_2/Mux_8.vhdl 2019/09/11.22:18:35 P.20131013
EN work/MUX_8 1568252573 \
      FL /home/cadu/Documentos/LabSD/Exp04/Vistos/Visto_2/Mux_8.vhdl \
      PB ieee/std_logic_1164 1381692176
AR work/MUX_8/MUX_8_op 1568252574 \
      FL /home/cadu/Documentos/LabSD/Exp04/Vistos/Visto_2/Mux_8.vhdl \
      EN work/MUX_8 1568252573
FL /home/cadu/Documentos/LabSD/Exp04/Vistos/Visto_2/Visto_2.vhdl 2019/09/11.22:38:11 P.20131013
EN work/Visto_2 1568252575 \
      FL /home/cadu/Documentos/LabSD/Exp04/Vistos/Visto_2/Visto_2.vhdl \
      PB ieee/std_logic_1164 1381692176
AR work/Visto_2/Visto_2_op 1568252576 \
      FL /home/cadu/Documentos/LabSD/Exp04/Vistos/Visto_2/Visto_2.vhdl \
      EN work/Visto_2 1568252575 CP Decoder CP MUX_8
